# serializer version: 1
# name: test_optimise[optimise 1x1 structure ]
  '''
         problem_name  filter_level  width  height  n_load_points  n_patterns_total  n_patterns_active  load_large  load_small  iterations  final_volume  n_members_final  n_nodes  n_ground_structure primal_method                  notes
  0  short cantilever           1.0      1       1              1                 2                  1        50.0         5.0           2         150.0                6        4                   6   load_factor  short cantilever test
  '''
# ---
