# serializer version: 1
# name: test_cli_layopt_optimise[e2e_test]
  '''
          problem_name  filter_level  width  height  n_load_points  n_patterns_total  n_patterns_active  load_large  load_small  iterations  final_volume  n_members_final  n_nodes  n_ground_structure primal_method                                notes
  0  square_cantilever           1.0      8       8              2                 4                  1        50.0         5.0           6   2070.370371              383       81                2040   load_factor  square cantilever three load points
  '''
# ---
# name: test_optimise[optimise 1x1 structure ]
  '''
         problem_name  filter_level  width  height  n_load_points  n_patterns_total  n_patterns_active  load_large  load_small  iterations  final_volume  n_members_final  n_nodes  n_ground_structure primal_method                  notes
  0  short cantilever           1.0      1       1              1                 2                  1        50.0         5.0           2         150.0                6        4                   6   load_factor  short cantilever test
  '''
# ---
